Archive member included to satisfy reference by file (symbol)

d:/imt/tools/03- imt sdk/imt_sdk_win_64/winarm/armgcc/bin/../lib/gcc/arm-none-eabi/7.2.1/../../../../arm-none-eabi/lib/thumb/v7e-m\libg_nano.a(lib_a-errno.o)
                              ./system/src/newlib/_sbrk.o (__errno)
d:/imt/tools/03- imt sdk/imt_sdk_win_64/winarm/armgcc/bin/../lib/gcc/arm-none-eabi/7.2.1/../../../../arm-none-eabi/lib/thumb/v7e-m\libg_nano.a(lib_a-impure.o)
                              d:/imt/tools/03- imt sdk/imt_sdk_win_64/winarm/armgcc/bin/../lib/gcc/arm-none-eabi/7.2.1/../../../../arm-none-eabi/lib/thumb/v7e-m\libg_nano.a(lib_a-errno.o) (_impure_ptr)
d:/imt/tools/03- imt sdk/imt_sdk_win_64/winarm/armgcc/bin/../lib/gcc/arm-none-eabi/7.2.1/../../../../arm-none-eabi/lib/thumb/v7e-m\libg_nano.a(lib_a-strlen.o)
                              ./system/src/diag/Trace.o (strlen)
d:/imt/tools/03- imt sdk/imt_sdk_win_64/winarm/armgcc/bin/../lib/gcc/arm-none-eabi/7.2.1/../../../../arm-none-eabi/lib/thumb/v7e-m\libg_nano.a(lib_a-vsnprintf.o)
                              ./system/src/diag/Trace.o (vsnprintf)
d:/imt/tools/03- imt sdk/imt_sdk_win_64/winarm/armgcc/bin/../lib/gcc/arm-none-eabi/7.2.1/../../../../arm-none-eabi/lib/thumb/v7e-m\libg_nano.a(lib_a-nano-svfprintf.o)
                              d:/imt/tools/03- imt sdk/imt_sdk_win_64/winarm/armgcc/bin/../lib/gcc/arm-none-eabi/7.2.1/../../../../arm-none-eabi/lib/thumb/v7e-m\libg_nano.a(lib_a-vsnprintf.o) (_svfprintf_r)
d:/imt/tools/03- imt sdk/imt_sdk_win_64/winarm/armgcc/bin/../lib/gcc/arm-none-eabi/7.2.1/../../../../arm-none-eabi/lib/thumb/v7e-m\libg_nano.a(lib_a-nano-vfprintf_i.o)
                              d:/imt/tools/03- imt sdk/imt_sdk_win_64/winarm/armgcc/bin/../lib/gcc/arm-none-eabi/7.2.1/../../../../arm-none-eabi/lib/thumb/v7e-m\libg_nano.a(lib_a-nano-svfprintf.o) (_printf_i)
d:/imt/tools/03- imt sdk/imt_sdk_win_64/winarm/armgcc/bin/../lib/gcc/arm-none-eabi/7.2.1/../../../../arm-none-eabi/lib/thumb/v7e-m\libg_nano.a(lib_a-memchr.o)
                              d:/imt/tools/03- imt sdk/imt_sdk_win_64/winarm/armgcc/bin/../lib/gcc/arm-none-eabi/7.2.1/../../../../arm-none-eabi/lib/thumb/v7e-m\libg_nano.a(lib_a-nano-svfprintf.o) (memchr)
d:/imt/tools/03- imt sdk/imt_sdk_win_64/winarm/armgcc/bin/../lib/gcc/arm-none-eabi/7.2.1/../../../../arm-none-eabi/lib/thumb/v7e-m\libg_nano.a(lib_a-memcpy-stub.o)
                              d:/imt/tools/03- imt sdk/imt_sdk_win_64/winarm/armgcc/bin/../lib/gcc/arm-none-eabi/7.2.1/../../../../arm-none-eabi/lib/thumb/v7e-m\libg_nano.a(lib_a-nano-svfprintf.o) (memcpy)
d:/imt/tools/03- imt sdk/imt_sdk_win_64/winarm/armgcc/bin/../lib/gcc/arm-none-eabi/7.2.1/../../../../arm-none-eabi/lib/thumb/v7e-m\libg_nano.a(lib_a-memmove.o)
                              d:/imt/tools/03- imt sdk/imt_sdk_win_64/winarm/armgcc/bin/../lib/gcc/arm-none-eabi/7.2.1/../../../../arm-none-eabi/lib/thumb/v7e-m\libg_nano.a(lib_a-nano-svfprintf.o) (memmove)
d:/imt/tools/03- imt sdk/imt_sdk_win_64/winarm/armgcc/bin/../lib/gcc/arm-none-eabi/7.2.1/../../../../arm-none-eabi/lib/thumb/v7e-m\libg_nano.a(lib_a-nano-freer.o)
                              d:/imt/tools/03- imt sdk/imt_sdk_win_64/winarm/armgcc/bin/../lib/gcc/arm-none-eabi/7.2.1/../../../../arm-none-eabi/lib/thumb/v7e-m\libg_nano.a(lib_a-nano-svfprintf.o) (_free_r)
d:/imt/tools/03- imt sdk/imt_sdk_win_64/winarm/armgcc/bin/../lib/gcc/arm-none-eabi/7.2.1/../../../../arm-none-eabi/lib/thumb/v7e-m\libg_nano.a(lib_a-nano-mallocr.o)
                              d:/imt/tools/03- imt sdk/imt_sdk_win_64/winarm/armgcc/bin/../lib/gcc/arm-none-eabi/7.2.1/../../../../arm-none-eabi/lib/thumb/v7e-m\libg_nano.a(lib_a-nano-svfprintf.o) (_malloc_r)
d:/imt/tools/03- imt sdk/imt_sdk_win_64/winarm/armgcc/bin/../lib/gcc/arm-none-eabi/7.2.1/../../../../arm-none-eabi/lib/thumb/v7e-m\libg_nano.a(lib_a-nano-reallocr.o)
                              d:/imt/tools/03- imt sdk/imt_sdk_win_64/winarm/armgcc/bin/../lib/gcc/arm-none-eabi/7.2.1/../../../../arm-none-eabi/lib/thumb/v7e-m\libg_nano.a(lib_a-nano-svfprintf.o) (_realloc_r)
d:/imt/tools/03- imt sdk/imt_sdk_win_64/winarm/armgcc/bin/../lib/gcc/arm-none-eabi/7.2.1/../../../../arm-none-eabi/lib/thumb/v7e-m\libg_nano.a(lib_a-sbrkr.o)
                              d:/imt/tools/03- imt sdk/imt_sdk_win_64/winarm/armgcc/bin/../lib/gcc/arm-none-eabi/7.2.1/../../../../arm-none-eabi/lib/thumb/v7e-m\libg_nano.a(lib_a-nano-mallocr.o) (_sbrk_r)
d:/imt/tools/03- imt sdk/imt_sdk_win_64/winarm/armgcc/bin/../lib/gcc/arm-none-eabi/7.2.1/../../../../arm-none-eabi/lib/thumb/v7e-m\libg_nano.a(lib_a-mlock.o)
                              d:/imt/tools/03- imt sdk/imt_sdk_win_64/winarm/armgcc/bin/../lib/gcc/arm-none-eabi/7.2.1/../../../../arm-none-eabi/lib/thumb/v7e-m\libg_nano.a(lib_a-nano-freer.o) (__malloc_lock)
[...]
Memory Configuration

Name             Origin             Length             Attributes
RAM              0x20000000         0x00008000         xrw
CCMRAM           0x10000000         0x00000000         xrw
FLASH            0x08000000         0x00040000         xr
FLASHB1          0x00000000         0x00000000         xr
EXTMEMB0         0x00000000         0x00000000         xr
EXTMEMB1         0x00000000         0x00000000         xr
EXTMEMB2         0x00000000         0x00000000         xr
EXTMEMB3         0x00000000         0x00000000         xr
*default*        0x00000000         0xffffffff

Linker script and memory map

LOAD ./system/src/stm32f4-hal/stm32f4xx_hal.o
LOAD ./system/src/stm32f4-hal/stm32f4xx_hal_cortex.o
LOAD ./system/src/stm32f4-hal/stm32f4xx_hal_dfsdm.o
LOAD ./system/src/stm32f4-hal/stm32f4xx_hal_flash.o
LOAD ./system/src/stm32f4-hal/stm32f4xx_hal_gpio.o
LOAD ./system/src/stm32f4-hal/stm32f4xx_hal_iwdg.o
LOAD ./system/src/stm32f4-hal/stm32f4xx_hal_pwr.o
LOAD ./system/src/stm32f4-hal/stm32f4xx_hal_rcc.o
LOAD ./system/src/newlib/_cxx.o
LOAD ./system/src/newlib/_exit.o
LOAD ./system/src/newlib/_sbrk.o
LOAD ./system/src/newlib/_startup.o
LOAD ./system/src/newlib/_syscalls.o
LOAD ./system/src/newlib/assert.o
LOAD ./system/src/diag/Trace.o
LOAD ./system/src/diag/trace_impl.o
LOAD ./system/src/cortexm/_initialize_hardware.o
LOAD ./system/src/cortexm/_reset_hardware.o
LOAD ./system/src/cortexm/exception_handlers.o
LOAD ./system/src/cmsis/system_stm32f4xx.o
LOAD ./system/src/cmsis/vectors_stm32f410Cx.o
LOAD ./src/GPIO_program.o
LOAD ./src/RCC_program.o
LOAD ./src/STK_program.o
LOAD ./src/_initialize_hardware.o
LOAD ./src/main.o
LOAD ./src/stm32f4xx_hal_msp.o
LOAD d:/imt/tools/03- imt sdk/imt_sdk_win_64/winarm/armgcc/bin/../lib/gcc/arm-none-eabi/7.2.1/../../../../arm-none-eabi/lib/thumb/v7e-m\libstdc++_nano.a
LOAD d:/imt/tools/03- imt sdk/imt_sdk_win_64/winarm/armgcc/bin/../lib/gcc/arm-none-eabi/7.2.1/../../../../arm-none-eabi/lib/thumb/v7e-m\libm.a
START GROUP
LOAD d:/imt/tools/03- imt sdk/imt_sdk_win_64/winarm/armgcc/bin/../lib/gcc/arm-none-eabi/7.2.1/thumb/v7e-m\libgcc.a
LOAD d:/imt/tools/03- imt sdk/imt_sdk_win_64/winarm/armgcc/bin/../lib/gcc/arm-none-eabi/7.2.1/../../../../arm-none-eabi/lib/thumb/v7e-m\libg_nano.a
LOAD d:/imt/tools/03- imt sdk/imt_sdk_win_64/winarm/armgcc/bin/../lib/gcc/arm-none-eabi/7.2.1/../../../../arm-none-eabi/lib/thumb/v7e-m\libc_nano.a
END GROUP
START GROUP
LOAD d:/imt/tools/03- imt sdk/imt_sdk_win_64/winarm/armgcc/bin/../lib/gcc/arm-none-eabi/7.2.1/thumb/v7e-m\libgcc.a
LOAD d:/imt/tools/03- imt sdk/imt_sdk_win_64/winarm/armgcc/bin/../lib/gcc/arm-none-eabi/7.2.1/../../../../arm-none-eabi/lib/thumb/v7e-m\libc_nano.a
END GROUP
                0x20008000                __stack = (ORIGIN (RAM) + LENGTH (RAM))
                0x20008000                _estack = __stack
                0x00000400                __Main_Stack_Size = 0x400
                [!provide]                PROVIDE (_Main_Stack_Size, __Main_Stack_Size)
                0x20007c00                __Main_Stack_Limit = (__stack - __Main_Stack_Size)
                [!provide]                PROVIDE (_Main_Stack_Limit, __Main_Stack_Limit)
                0x00000100                _Minimum_Stack_Size = 0x100
                0x20000118                PROVIDE (_Heap_Begin, _end_noinit)
                0x20007c00                PROVIDE (_Heap_Limit, (__stack - __Main_Stack_Size))

.isr_vector     0x08000000      0x428
 FILL mask 0xff
                0x08000000                __vectors_start = ABSOLUTE (.)
                0x08000000                __vectors_start__ = ABSOLUTE (.)
 *(.isr_vector)
 .isr_vector    0x08000000      0x1c8 ./system/src/cmsis/vectors_stm32f410Cx.o
                0x08000000                __isr_vectors
 *(.cfmconfig)
 *(.after_vectors .after_vectors.*)
 .after_vectors
                0x080001c8      0x130 ./system/src/newlib/_startup.o
                0x080001c8                _start
 .after_vectors
                0x080002f8      0x12c ./system/src/cortexm/exception_handlers.o
                0x080002f8                Reset_Handler
                0x080002fe                NMI_Handler
                0x08000302                HardFault_Handler
                0x08000316                HardFault_Handler_C
                0x08000374                MemManage_Handler
                0x08000378                BusFault_Handler
                0x0800038c                BusFault_Handler_C
                0x080003c0                UsageFault_Handler
                0x080003d4                UsageFault_Handler_C
                0x08000408                SVC_Handler
                0x0800040c                DebugMon_Handler
                0x08000410                PendSV_Handler
                0x08000414                SysTick_Handler
 .after_vectors
                0x08000424        0x4 ./system/src/cmsis/vectors_stm32f410Cx.o
                0x08000424                RTC_Alarm_IRQHandler
                0x08000424                EXTI2_IRQHandler
                0x08000424                FMPI2C1_EV_IRQHandler
                0x08000424                TIM1_CC_IRQHandler
                0x08000424                DMA2_Stream5_IRQHandler
                0x08000424                DMA1_Stream5_IRQHandler
                0x08000424                PVD_IRQHandler
                0x08000424                TAMP_STAMP_IRQHandler
                0x08000424                EXTI3_IRQHandler
                0x08000424                EXTI0_IRQHandler
                0x08000424                I2C2_EV_IRQHandler
                0x08000424                DMA1_Stream2_IRQHandler
                0x08000424                FPU_IRQHandler
                0x08000424                DMA2_Stream2_IRQHandler
                0x08000424                SPI1_IRQHandler
                0x08000424                TIM6_DAC_IRQHandler
                0x08000424                TIM1_BRK_TIM9_IRQHandler
                0x08000424                DMA2_Stream3_IRQHandler
                0x08000424                USART6_IRQHandler
                0x08000424                DMA2_Stream0_IRQHandler
                0x08000424                I2C1_EV_IRQHandler
                0x08000424                DMA1_Stream6_IRQHandler
                0x08000424                DMA1_Stream1_IRQHandler
                0x08000424                RCC_IRQHandler
                0x08000424                Default_Handler
                0x08000424                EXTI15_10_IRQHandler
                0x08000424                ADC_IRQHandler
                0x08000424                DMA1_Stream7_IRQHandler
                0x08000424                SPI5_IRQHandler
                0x08000424                TIM5_IRQHandler
                0x08000424                DMA2_Stream7_IRQHandler
                0x08000424                EXTI9_5_IRQHandler
                0x08000424                RTC_WKUP_IRQHandler
                0x08000424                SPI2_IRQHandler
                0x08000424                DMA1_Stream0_IRQHandler
                0x08000424                FMPI2C1_ER_IRQHandler
                0x08000424                EXTI4_IRQHandler
                0x08000424                RNG_IRQHandler
                0x08000424                TIM1_UP_IRQHandler
                0x08000424                WWDG_IRQHandler
                0x08000424                TIM1_TRG_COM_TIM11_IRQHandler
                0x08000424                EXTI1_IRQHandler
                0x08000424                USART2_IRQHandler
                0x08000424                I2C2_ER_IRQHandler
                0x08000424                DMA2_Stream1_IRQHandler
                0x08000424                FLASH_IRQHandler
                0x08000424                DMA2_Stream4_IRQHandler
                0x08000424                USART1_IRQHandler
                0x08000424                DMA1_Stream4_IRQHandler
                0x08000424                I2C1_ER_IRQHandler
                0x08000424                LPTIM1_IRQHandler
                0x08000424                DMA2_Stream6_IRQHandler
                0x08000424                DMA1_Stream3_IRQHandler

.inits          0x08000428       0x28
                0x08000428                __data_regions_array_start = .
                0x08000428        0x4 LONG 0x8002108 LOADADDR (.data)
                0x0800042c        0x4 LONG 0x20000000 ADDR (.data)
                0x08000430        0x4 LONG 0x20000078 (ADDR (.data) + SIZEOF (.data))
                0x08000434        0x4 LONG 0x8002108 LOADADDR (.data_CCMRAM)
                0x08000438        0x4 LONG 0x10000000 ADDR (.data_CCMRAM)
                0x0800043c        0x4 LONG 0x10000000 (ADDR (.data_CCMRAM) + SIZEOF (.data_CCMRAM))
                0x08000440                __data_regions_array_end = .
                0x08000440                __bss_regions_array_start = .
                0x08000440        0x4 LONG 0x20000078 ADDR (.bss)
                0x08000444        0x4 LONG 0x20000118 (ADDR (.bss) + SIZEOF (.bss))
                0x08000448        0x4 LONG 0x10000000 ADDR (.bss_CCMRAM)
                0x0800044c        0x4 LONG 0x10000000 (ADDR (.bss_CCMRAM) + SIZEOF (.bss_CCMRAM))
                0x08000450                __bss_regions_array_end = .
 *(.init)
 *(.fini)
                0x08000450                . = ALIGN (0x4)
                0x08000450                PROVIDE (__preinit_array_start, .)
 *(.preinit_array_sysinit .preinit_array_sysinit.*)
 *(.preinit_array_platform .preinit_array_platform.*)
 *(.preinit_array .preinit_array.*)
                0x08000450                PROVIDE (__preinit_array_end, .)
                0x08000450                . = ALIGN (0x4)
                0x08000450                PROVIDE (__init_array_start, .)
 *(SORT_BY_NAME(.init_array.*))
 *(.init_array)
                0x08000450                PROVIDE (__init_array_end, .)
                0x08000450                . = ALIGN (0x4)
                0x08000450                PROVIDE (__fini_array_start, .)
 *(SORT_BY_NAME(.fini_array.*))
 *(.fini_array)
                0x08000450                PROVIDE (__fini_array_end, .)

.flashtext
 *(.flashtext .flashtext.*)

.text           0x08000450     0x1cb7
 *(.text .text.*)
 .text.HAL_InitTick
                0x08000450       0x2c ./system/src/stm32f4-hal/stm32f4xx_hal.o
                0x08000450                HAL_InitTick
 .text.HAL_Init
                0x0800047c       0x34 ./system/src/stm32f4-hal/stm32f4xx_hal.o
                0x0800047c                HAL_Init
 .text.HAL_GetTick
                0x080004b0        0xc ./system/src/stm32f4-hal/stm32f4xx_hal.o
                0x080004b0                HAL_GetTick
 .text.HAL_NVIC_SetPriorityGrouping
                0x080004bc       0x3c ./system/src/stm32f4-hal/stm32f4xx_hal_cortex.o
                0x080004bc                HAL_NVIC_SetPriorityGrouping
 .text.HAL_NVIC_SetPriority
                0x080004f8       0x8c ./system/src/stm32f4-hal/stm32f4xx_hal_cortex.o
                0x080004f8                HAL_NVIC_SetPriority
 .text.HAL_SYSTICK_Config
                0x08000584       0x2c ./system/src/stm32f4-hal/stm32f4xx_hal_cortex.o
                0x08000584                HAL_SYSTICK_Config
 .text.HAL_SYSTICK_CLKSourceConfig
                0x080005b0       0x3c ./system/src/stm32f4-hal/stm32f4xx_hal_cortex.o
                0x080005b0                HAL_SYSTICK_CLKSourceConfig
 .text.HAL_RCC_OscConfig
                0x080005ec      0x43c ./system/src/stm32f4-hal/stm32f4xx_hal_rcc.o
                0x080005ec                HAL_RCC_OscConfig
 .text.HAL_RCC_GetSysClockFreq
                0x08000a28       0x94 ./system/src/stm32f4-hal/stm32f4xx_hal_rcc.o
                0x08000a28                HAL_RCC_GetSysClockFreq
 .text.HAL_RCC_ClockConfig
                0x08000abc      0x258 ./system/src/stm32f4-hal/stm32f4xx_hal_rcc.o
                0x08000abc                HAL_RCC_ClockConfig
 .text.HAL_RCC_GetHCLKFreq
                0x08000d14        0xc ./system/src/stm32f4-hal/stm32f4xx_hal_rcc.o
                0x08000d14                HAL_RCC_GetHCLKFreq
 .text._exit    0x08000d20        0x2 ./system/src/newlib/_exit.o
                0x08000d20                _exit
 *fill*         0x08000d22        0x2 
 .text.abort    0x08000d24       0x14 ./system/src/newlib/_exit.o
                0x08000d24                abort
 .text._sbrk    0x08000d38       0x44 ./system/src/newlib/_sbrk.o
                0x08000d38                _sbrk
 .text.__initialize_args
                0x08000d7c       0x10 ./system/src/newlib/_syscalls.o
                0x08000d7c                __initialize_args
 .text.assert_failed
                0x08000d8c       0x14 ./system/src/newlib/assert.o
                0x08000d8c                assert_failed
 .text.trace_printf
                0x08000da0       0x30 ./system/src/diag/Trace.o
                0x08000da0                trace_printf
 .text.trace_puts
                0x08000dd0       0x20 ./system/src/diag/Trace.o
                0x08000dd0                trace_puts
 .text._trace_write_semihosting_debug
                0x08000df0       0x60 ./system/src/diag/trace_impl.o
 .text.trace_write
                0x08000e50        0x8 ./system/src/diag/trace_impl.o
                0x08000e50                trace_write
 .text.__initialize_hardware_early
                0x08000e58       0x18 ./system/src/cortexm/_initialize_hardware.o
                0x08000e58                __initialize_hardware_early
 .text.dumpExceptionStack
                0x08000e70       0xf4 ./system/src/cortexm/exception_handlers.o
                0x08000e70                dumpExceptionStack
 .text.isSemihosting
                0x08000f64       0x20 ./system/src/cortexm/exception_handlers.o
                0x08000f64                isSemihosting
 .text.SystemInit
                0x08000f84       0x40 ./system/src/cmsis/system_stm32f4xx.o
                0x08000f84                SystemInit
 .text.SystemCoreClockUpdate
                0x08000fc4       0xa0 ./system/src/cmsis/system_stm32f4xx.o
                0x08000fc4                SystemCoreClockUpdate
 .text.MGPIO_voidSetPinMode
                0x08001064       0x28 ./src/GPIO_program.o
                0x08001064                MGPIO_voidSetPinMode
 .text.MGPIO_voidSetPinOutputSpeed
                0x0800108c       0x28 ./src/GPIO_program.o
                0x0800108c                MGPIO_voidSetPinOutputSpeed
 .text.MGPIO_voidSetPinOutputType
                0x080010b4       0x24 ./src/GPIO_program.o
                0x080010b4                MGPIO_voidSetPinOutputType
 .text.MGPIO_voidSetPinValue
                0x080010d8       0x28 ./src/GPIO_program.o
                0x080010d8                MGPIO_voidSetPinValue
 .text.RCC_voidInit
                0x08001100       0x6c ./src/RCC_program.o
                0x08001100                RCC_voidInit
 .text.RCC_voidEnablePrephiralClock
                0x0800116c       0x48 ./src/RCC_program.o
                0x0800116c                RCC_voidEnablePrephiralClock
 .text.MSTK_voidSetBusyWait
                0x080011b4       0x1c ./src/STK_program.o
                0x080011b4                MSTK_voidSetBusyWait
 .text.SystemClock_Config
                0x080011d0       0x9c ./src/_initialize_hardware.o
                0x080011d0                SystemClock_Config
 .text.__initialize_hardware
                0x0800126c       0x10 ./src/_initialize_hardware.o
                0x0800126c                __initialize_hardware
 .text.holding_led.3671
                0x0800127c        0xe ./src/main.o
 *fill*         0x0800128a        0x2 
 .text.snake.3673
                0x0800128c       0xb0 ./src/main.o
 .text.pingpong.3678
                0x0800133c       0x88 ./src/main.o
 .text.warda.3686
                0x080013c4       0x3c ./src/main.o
 .text.wardaClose.3691
                0x08001400       0x3c ./src/main.o
 .text.main     0x0800143c      0x184 ./src/main.o
                0x0800143c                main
 .text.HAL_MspInit
                0x080015c0        0x2 ./src/stm32f4xx_hal_msp.o
                0x080015c0                HAL_MspInit
 *fill*         0x080015c2        0x2 
 .text.__errno  0x080015c4        0xc d:/imt/tools/03- imt sdk/imt_sdk_win_64/winarm/armgcc/bin/../lib/gcc/arm-none-eabi/7.2.1/../../../../arm-none-eabi/lib/thumb/v7e-m\libg_nano.a(lib_a-errno.o)
                0x080015c4                __errno
 .text          0x080015d0       0x10 d:/imt/tools/03- imt sdk/imt_sdk_win_64/winarm/armgcc/bin/../lib/gcc/arm-none-eabi/7.2.1/../../../../arm-none-eabi/lib/thumb/v7e-m\libg_nano.a(lib_a-strlen.o)
                0x080015d0                strlen
 .text._vsnprintf_r
                0x080015e0       0x58 d:/imt/tools/03- imt sdk/imt_sdk_win_64/winarm/armgcc/bin/../lib/gcc/arm-none-eabi/7.2.1/../../../../arm-none-eabi/lib/thumb/v7e-m\libg_nano.a(lib_a-vsnprintf.o)
                0x080015e0                _vsniprintf_r
                0x080015e0                _vsnprintf_r
 .text.vsnprintf
                0x08001638       0x1c d:/imt/tools/03- imt sdk/imt_sdk_win_64/winarm/armgcc/bin/../lib/gcc/arm-none-eabi/7.2.1/../../../../arm-none-eabi/lib/thumb/v7e-m\libg_nano.a(lib_a-vsnprintf.o)
                0x08001638                vsniprintf
                0x08001638                vsnprintf
 .text.__ssputs_r
                0x08001654       0xb4 d:/imt/tools/03- imt sdk/imt_sdk_win_64/winarm/armgcc/bin/../lib/gcc/arm-none-eabi/7.2.1/../../../../arm-none-eabi/lib/thumb/v7e-m\libg_nano.a(lib_a-nano-svfprintf.o)
                0x08001654                __ssputs_r
 .text._svfprintf_r
                0x08001708      0x1ec d:/imt/tools/03- imt sdk/imt_sdk_win_64/winarm/armgcc/bin/../lib/gcc/arm-none-eabi/7.2.1/../../../../arm-none-eabi/lib/thumb/v7e-m\libg_nano.a(lib_a-nano-svfprintf.o)
                0x08001708                _svfiprintf_r
                0x08001708                _svfprintf_r
 .text._printf_common
                0x080018f4       0xea d:/imt/tools/03- imt sdk/imt_sdk_win_64/winarm/armgcc/bin/../lib/gcc/arm-none-eabi/7.2.1/../../../../arm-none-eabi/lib/thumb/v7e-m\libg_nano.a(lib_a-nano-vfprintf_i.o)
                0x080018f4                _printf_common
 *fill*         0x080019de        0x2 
 .text._printf_i
                0x080019e0      0x224 d:/imt/tools/03- imt sdk/imt_sdk_win_64/winarm/armgcc/bin/../lib/gcc/arm-none-eabi/7.2.1/../../../../arm-none-eabi/lib/thumb/v7e-m\libg_nano.a(lib_a-nano-vfprintf_i.o)
                0x080019e0                _printf_i
 *fill*         0x08001c04        0xc 
 .text          0x08001c10       0xa0 d:/imt/tools/03- imt sdk/imt_sdk_win_64/winarm/armgcc/bin/../lib/gcc/arm-none-eabi/7.2.1/../../../../arm-none-eabi/lib/thumb/v7e-m\libg_nano.a(lib_a-memchr.o)
                0x08001c10                memchr
 .text.memcpy   0x08001cb0       0x16 d:/imt/tools/03- imt sdk/imt_sdk_win_64/winarm/armgcc/bin/../lib/gcc/arm-none-eabi/7.2.1/../../../../arm-none-eabi/lib/thumb/v7e-m\libg_nano.a(lib_a-memcpy-stub.o)
                0x08001cb0                memcpy
 .text.memmove  0x08001cc6       0x32 d:/imt/tools/03- imt sdk/imt_sdk_win_64/winarm/armgcc/bin/../lib/gcc/arm-none-eabi/7.2.1/../../../../arm-none-eabi/lib/thumb/v7e-m\libg_nano.a(lib_a-memmove.o)
                0x08001cc6                memmove
 .text._free_r  0x08001cf8       0x9c d:/imt/tools/03- imt sdk/imt_sdk_win_64/winarm/armgcc/bin/../lib/gcc/arm-none-eabi/7.2.1/../../../../arm-none-eabi/lib/thumb/v7e-m\libg_nano.a(lib_a-nano-freer.o)
                0x08001cf8                _free_r
 .text._malloc_r
                0x08001d94       0xb4 d:/imt/tools/03- imt sdk/imt_sdk_win_64/winarm/armgcc/bin/../lib/gcc/arm-none-eabi/7.2.1/../../../../arm-none-eabi/lib/thumb/v7e-m\libg_nano.a(lib_a-nano-mallocr.o)
                0x08001d94                _malloc_r
 .text._realloc_r
                0x08001e48       0x4c d:/imt/tools/03- imt sdk/imt_sdk_win_64/winarm/armgcc/bin/../lib/gcc/arm-none-eabi/7.2.1/../../../../arm-none-eabi/lib/thumb/v7e-m\libg_nano.a(lib_a-nano-reallocr.o)
                0x08001e48                _realloc_r
 .text._sbrk_r  0x08001e94       0x20 d:/imt/tools/03- imt sdk/imt_sdk_win_64/winarm/armgcc/bin/../lib/gcc/arm-none-eabi/7.2.1/../../../../arm-none-eabi/lib/thumb/v7e-m\libg_nano.a(lib_a-sbrkr.o)
                0x08001e94                _sbrk_r
 .text.__malloc_lock
                0x08001eb4        0x2 d:/imt/tools/03- imt sdk/imt_sdk_win_64/winarm/armgcc/bin/../lib/gcc/arm-none-eabi/7.2.1/../../../../arm-none-eabi/lib/thumb/v7e-m\libg_nano.a(lib_a-mlock.o)
                0x08001eb4                __malloc_lock
 .text.__malloc_unlock
                0x08001eb6        0x2 d:/imt/tools/03- imt sdk/imt_sdk_win_64/winarm/armgcc/bin/../lib/gcc/arm-none-eabi/7.2.1/../../../../arm-none-eabi/lib/thumb/v7e-m\libg_nano.a(lib_a-mlock.o)
                0x08001eb6                __malloc_unlock
 .text._malloc_usable_size_r
                0x08001eb8       0x10 d:/imt/tools/03- imt sdk/imt_sdk_win_64/winarm/armgcc/bin/../lib/gcc/arm-none-eabi/7.2.1/../../../../arm-none-eabi/lib/thumb/v7e-m\libg_nano.a(lib_a-nano-msizer.o)
                0x08001eb8                _malloc_usable_size_r
 *(.rodata .rodata.* .constdata .constdata.*)
 .rodata.HAL_NVIC_SetPriorityGrouping.str1.4
                0x08001ec8       0x31 ./system/src/stm32f4-hal/stm32f4xx_hal_cortex.o
 *fill*         0x08001ef9        0x3 
 .rodata.APBAHBPrescTable
                0x08001efc       0x10 ./system/src/stm32f4-hal/stm32f4xx_hal_rcc.o
                0x08001efc                APBAHBPrescTable
 .rodata.HAL_RCC_OscConfig.str1.4
                0x08001f0c       0x2e ./system/src/stm32f4-hal/stm32f4xx_hal_rcc.o
 *fill*         0x08001f3a        0x2 
 .rodata.abort.str1.4
                0x08001f3c       0x14 ./system/src/newlib/_exit.o
 .rodata.assert_failed.str1.4
                0x08001f50       0x2b ./system/src/newlib/assert.o
 .rodata.trace_puts.str1.4
                0x08001f7b       0x2b ./system/src/diag/Trace.o
                                  0x2 (size before relaxing)
 *fill*         0x08001f7b        0x1 
 .rodata.dumpExceptionStack.str1.4
                0x08001f7c      0x11a ./system/src/cortexm/exception_handlers.o
 *fill*         0x08002096        0x2 
 .rodata.str1.4
                0x08002098       0x2c ./system/src/cortexm/exception_handlers.o
                                 0x2a (size before relaxing)
 .rodata.AHBPrescTable
                0x080020c4       0x10 ./system/src/cmsis/system_stm32f4xx.o
                0x080020c4                AHBPrescTable
 .rodata._svfprintf_r.str1.1
                0x080020d4       0x11 d:/imt/tools/03- imt sdk/imt_sdk_win_64/winarm/armgcc/bin/../lib/gcc/arm-none-eabi/7.2.1/../../../../arm-none-eabi/lib/thumb/v7e-m\libg_nano.a(lib_a-nano-svfprintf.o)
 .rodata._printf_i.str1.1
                0x080020e5       0x22 d:/imt/tools/03- imt sdk/imt_sdk_win_64/winarm/armgcc/bin/../lib/gcc/arm-none-eabi/7.2.1/../../../../arm-none-eabi/lib/thumb/v7e-m\libg_nano.a(lib_a-nano-vfprintf_i.o)
 *(vtable)
 *(.eh_frame*)
 *(.glue_7)
 .glue_7        0x08002107        0x0 linker stubs
 *(.glue_7t)
 .glue_7t       0x08002107        0x0 linker stubs

.vfp11_veneer   0x08002108        0x0
 .vfp11_veneer  0x08002108        0x0 linker stubs

.v4_bx          0x08002108        0x0
 .v4_bx         0x08002108        0x0 linker stubs

.iplt           0x08002108        0x0
 .iplt          0x08002108        0x0 ./system/src/stm32f4-hal/stm32f4xx_hal.o

.rel.dyn        0x08002108        0x0
 .rel.iplt      0x08002108        0x0 ./system/src/stm32f4-hal/stm32f4xx_hal.o

.ARM.extab
 *(.ARM.extab* .gnu.linkonce.armextab.*)
                0x08002108                . = ALIGN (0x4)
                0x08002108                __exidx_start = .

.ARM.exidx
 *(.ARM.exidx* .gnu.linkonce.armexidx.*)
                0x08002108                __exidx_end = .
                0x08002108                . = ALIGN (0x4)
                0x08002108                _etext = .
                0x08002108                __etext = .

.data_CCMRAM    0x10000000        0x0 load address 0x08002108
 FILL mask 0xff
 *(.data.CCMRAM .data.CCMRAM.*)
                0x10000000                . = ALIGN (0x4)
                0x08002108                _sidata = LOADADDR (.data)

.data           0x20000000       0x78 load address 0x08002108
 FILL mask 0xff
                0x20000000                _sdata = .
                0x20000000                __data_start__ = .
 *(.data_begin .data_begin.*)
 .data_begin    0x20000000        0x4 ./system/src/newlib/_startup.o
 *(.data .data.*)
 .data.argv.4310
                0x20000004        0x8 ./system/src/newlib/_syscalls.o
 .data.SystemCoreClock
                0x2000000c        0x4 ./system/src/cmsis/system_stm32f4xx.o
                0x2000000c                SystemCoreClock
 .data._impure_ptr
                0x20000010        0x4 d:/imt/tools/03- imt sdk/imt_sdk_win_64/winarm/armgcc/bin/../lib/gcc/arm-none-eabi/7.2.1/../../../../arm-none-eabi/lib/thumb/v7e-m\libg_nano.a(lib_a-impure.o)
                0x20000010                _impure_ptr
 .data.impure_data
                0x20000014       0x60 d:/imt/tools/03- imt sdk/imt_sdk_win_64/winarm/armgcc/bin/../lib/gcc/arm-none-eabi/7.2.1/../../../../arm-none-eabi/lib/thumb/v7e-m\libg_nano.a(lib_a-impure.o)
 *(.data_end .data_end.*)
 .data_end      0x20000074        0x4 ./system/src/newlib/_startup.o
                0x20000078                . = ALIGN (0x4)
                0x20000078                _edata = .
                0x20000078                __data_end__ = .

.igot.plt       0x20000078        0x0 load address 0x08002180
 .igot.plt      0x20000078        0x0 ./system/src/stm32f4-hal/stm32f4xx_hal.o

.bss_CCMRAM     0x10000000        0x0
 *(.bss.CCMRAM .bss.CCMRAM.*)

.bss            0x20000078       0xa0
                0x20000078                __bss_start__ = .
                0x20000078                _sbss = .
 *(.bss_begin .bss_begin.*)
 .bss_begin     0x20000078        0x4 ./system/src/newlib/_startup.o
 *(.bss .bss.*)
 .bss.current_heap_end.3961
                0x2000007c        0x4 ./system/src/newlib/_sbrk.o
 .bss.name.4309
                0x20000080        0x1 ./system/src/newlib/_syscalls.o
 *fill*         0x20000081        0x3 
 .bss.buf.5205  0x20000084       0x80 ./system/src/diag/Trace.o
 .bss.__malloc_free_list
                0x20000104        0x4 d:/imt/tools/03- imt sdk/imt_sdk_win_64/winarm/armgcc/bin/../lib/gcc/arm-none-eabi/7.2.1/../../../../arm-none-eabi/lib/thumb/v7e-m\libg_nano.a(lib_a-nano-mallocr.o)
                0x20000104                __malloc_free_list
 .bss.__malloc_sbrk_start
                0x20000108        0x4 d:/imt/tools/03- imt sdk/imt_sdk_win_64/winarm/armgcc/bin/../lib/gcc/arm-none-eabi/7.2.1/../../../../arm-none-eabi/lib/thumb/v7e-m\libg_nano.a(lib_a-nano-mallocr.o)
                0x20000108                __malloc_sbrk_start
 *(COMMON)
 COMMON         0x2000010c        0x4 ./system/src/stm32f4-hal/stm32f4xx_hal.o
                0x2000010c                uwTick
 COMMON         0x20000110        0x4 ./system/src/newlib/_syscalls.o
                0x20000110                errno
 *(.bss_end .bss_end.*)
 .bss_end       0x20000114        0x4 ./system/src/newlib/_startup.o
                0x20000118                . = ALIGN (0x4)
                0x20000118                __bss_end__ = .
                0x20000118                _ebss = .

.noinit_CCMRAM
 *(.noinit.CCMRAM .noinit.CCMRAM.*)

.noinit         0x20000118        0x0
                0x20000118                _noinit = .
 *(.noinit .noinit.*)
                0x20000118                . = ALIGN (0x4)
                0x20000118                _end_noinit = .
                [!provide]                PROVIDE (end, _end_noinit)
                [!provide]                PROVIDE (_end, _end_noinit)
                [!provide]                PROVIDE (__end, _end_noinit)
                [!provide]                PROVIDE (__end__, _end_noinit)

._check_stack   0x20000118      0x100
                0x20000218                . = (. + _Minimum_Stack_Size)
 *fill*         0x20000118      0x100 

.b1text
 *(.b1text)
 *(.b1rodata)
 *(.b1rodata.*)

.eb0text
 *(.eb0text)
 *(.eb0rodata)
 *(.eb0rodata.*)

.eb1text
 *(.eb1text)
 *(.eb1rodata)
 *(.eb1rodata.*)

.eb2text
 *(.eb2text)
 *(.eb2rodata)
 *(.eb2rodata.*)

.eb3text
 *(.eb3text)
 *(.eb3rodata)
 *(.eb3rodata.*)

.stab
 *(.stab)

.stabstr
 *(.stabstr)

.stab.excl
 *(.stab.excl)

.stab.exclstr
 *(.stab.exclstr)

.stab.index
 *(.stab.index)

.stab.indexstr
 *(.stab.indexstr)

.comment        0x00000000       0x7e
 *(.comment)
 .comment       0x00000000       0x7e ./system/src/stm32f4-hal/stm32f4xx_hal.o
                                 0x7f (size before relaxing)
 .comment       0x0000007e       0x7f ./system/src/stm32f4-hal/stm32f4xx_hal_cortex.o
 .comment       0x0000007e       0x7f ./system/src/stm32f4-hal/stm32f4xx_hal_rcc.o
 .comment       0x0000007e       0x7f ./system/src/newlib/_exit.o
 .comment       0x0000007e       0x7f ./system/src/newlib/_sbrk.o
 .comment       0x0000007e       0x7f ./system/src/newlib/_startup.o
 .comment       0x0000007e       0x7f ./system/src/newlib/_syscalls.o
 .comment       0x0000007e       0x7f ./system/src/newlib/assert.o
 .comment       0x0000007e       0x7f ./system/src/diag/Trace.o
 .comment       0x0000007e       0x7f ./system/src/diag/trace_impl.o
 .comment       0x0000007e       0x7f ./system/src/cortexm/_initialize_hardware.o
 .comment       0x0000007e       0x7f ./system/src/cortexm/exception_handlers.o
 .comment       0x0000007e       0x7f ./system/src/cmsis/system_stm32f4xx.o
 .comment       0x0000007e       0x7f ./system/src/cmsis/vectors_stm32f410Cx.o
 .comment       0x0000007e       0x7f ./src/GPIO_program.o
 .comment       0x0000007e       0x7f ./src/RCC_program.o
 .comment       0x0000007e       0x7f ./src/STK_program.o
 .comment       0x0000007e       0x7f ./src/_initialize_hardware.o
 .comment       0x0000007e       0x7f ./src/main.o
 .comment       0x0000007e       0x7f ./src/stm32f4xx_hal_msp.o

.ARM.attributes
                0x00000000       0x31
 .ARM.attributes
                0x00000000       0x33 ./system/src/stm32f4-hal/stm32f4xx_hal.o
 .ARM.attributes
                0x00000033       0x33 ./system/src/stm32f4-hal/stm32f4xx_hal_cortex.o
 .ARM.attributes
                0x00000066       0x33 ./system/src/stm32f4-hal/stm32f4xx_hal_rcc.o
 .ARM.attributes
                0x00000099       0x33 ./system/src/newlib/_exit.o
 .ARM.attributes
                0x000000cc       0x33 ./system/src/newlib/_sbrk.o
 .ARM.attributes
                0x000000ff       0x33 ./system/src/newlib/_startup.o
 .ARM.attributes
                0x00000132       0x33 ./system/src/newlib/_syscalls.o
 .ARM.attributes
                0x00000165       0x33 ./system/src/newlib/assert.o
 .ARM.attributes
                0x00000198       0x33 ./system/src/diag/Trace.o
 .ARM.attributes
                0x000001cb       0x33 ./system/src/diag/trace_impl.o
 .ARM.attributes
                0x000001fe       0x33 ./system/src/cortexm/_initialize_hardware.o
 .ARM.attributes
                0x00000231       0x33 ./system/src/cortexm/exception_handlers.o
 .ARM.attributes
                0x00000264       0x33 ./system/src/cmsis/system_stm32f4xx.o
 .ARM.attributes
                0x00000297       0x33 ./system/src/cmsis/vectors_stm32f410Cx.o
 .ARM.attributes
                0x000002ca       0x33 ./src/GPIO_program.o
 .ARM.attributes
                0x000002fd       0x33 ./src/RCC_program.o
 .ARM.attributes
                0x00000330       0x33 ./src/STK_program.o
 .ARM.attributes
                0x00000363       0x33 ./src/_initialize_hardware.o
 .ARM.attributes
                0x00000396       0x33 ./src/main.o
 .ARM.attributes
                0x000003c9       0x33 ./src/stm32f4xx_hal_msp.o
 .ARM.attributes
                0x000003fc       0x2e d:/imt/tools/03- imt sdk/imt_sdk_win_64/winarm/armgcc/bin/../lib/gcc/arm-none-eabi/7.2.1/../../../../arm-none-eabi/lib/thumb/v7e-m\libg_nano.a(lib_a-errno.o)
 .ARM.attributes
                0x0000042a       0x2e d:/imt/tools/03- imt sdk/imt_sdk_win_64/winarm/armgcc/bin/../lib/gcc/arm-none-eabi/7.2.1/../../../../arm-none-eabi/lib/thumb/v7e-m\libg_nano.a(lib_a-impure.o)
 .ARM.attributes
                0x00000458       0x17 d:/imt/tools/03- imt sdk/imt_sdk_win_64/winarm/armgcc/bin/../lib/gcc/arm-none-eabi/7.2.1/../../../../arm-none-eabi/lib/thumb/v7e-m\libg_nano.a(lib_a-strlen.o)
 .ARM.attributes
                0x0000046f       0x2e d:/imt/tools/03- imt sdk/imt_sdk_win_64/winarm/armgcc/bin/../lib/gcc/arm-none-eabi/7.2.1/../../../../arm-none-eabi/lib/thumb/v7e-m\libg_nano.a(lib_a-vsnprintf.o)
 .ARM.attributes
                0x0000049d       0x2e d:/imt/tools/03- imt sdk/imt_sdk_win_64/winarm/armgcc/bin/../lib/gcc/arm-none-eabi/7.2.1/../../../../arm-none-eabi/lib/thumb/v7e-m\libg_nano.a(lib_a-nano-svfprintf.o)
 .ARM.attributes
                0x000004cb       0x2e d:/imt/tools/03- imt sdk/imt_sdk_win_64/winarm/armgcc/bin/../lib/gcc/arm-none-eabi/7.2.1/../../../../arm-none-eabi/lib/thumb/v7e-m\libg_nano.a(lib_a-nano-vfprintf_i.o)
 .ARM.attributes
                0x000004f9       0x1c d:/imt/tools/03- imt sdk/imt_sdk_win_64/winarm/armgcc/bin/../lib/gcc/arm-none-eabi/7.2.1/../../../../arm-none-eabi/lib/thumb/v7e-m\libg_nano.a(lib_a-memchr.o)
 .ARM.attributes
                0x00000515       0x2e d:/imt/tools/03- imt sdk/imt_sdk_win_64/winarm/armgcc/bin/../lib/gcc/arm-none-eabi/7.2.1/../../../../arm-none-eabi/lib/thumb/v7e-m\libg_nano.a(lib_a-memcpy-stub.o)
 .ARM.attributes
                0x00000543       0x2e d:/imt/tools/03- imt sdk/imt_sdk_win_64/winarm/armgcc/bin/../lib/gcc/arm-none-eabi/7.2.1/../../../../arm-none-eabi/lib/thumb/v7e-m\libg_nano.a(lib_a-memmove.o)
 .ARM.attributes
                0x00000571       0x2e d:/imt/tools/03- imt sdk/imt_sdk_win_64/winarm/armgcc/bin/../lib/gcc/arm-none-eabi/7.2.1/../../../../arm-none-eabi/lib/thumb/v7e-m\libg_nano.a(lib_a-nano-freer.o)
 .ARM.attributes
                0x0000059f       0x2e d:/imt/tools/03- imt sdk/imt_sdk_win_64/winarm/armgcc/bin/../lib/gcc/arm-none-eabi/7.2.1/../../../../arm-none-eabi/lib/thumb/v7e-m\libg_nano.a(lib_a-nano-mallocr.o)
 .ARM.attributes
                0x000005cd       0x2e d:/imt/tools/03- imt sdk/imt_sdk_win_64/winarm/armgcc/bin/../lib/gcc/arm-none-eabi/7.2.1/../../../../arm-none-eabi/lib/thumb/v7e-m\libg_nano.a(lib_a-nano-reallocr.o)
 .ARM.attributes
                0x000005fb       0x2e d:/imt/tools/03- imt sdk/imt_sdk_win_64/winarm/armgcc/bin/../lib/gcc/arm-none-eabi/7.2.1/../../../../arm-none-eabi/lib/thumb/v7e-m\libg_nano.a(lib_a-sbrkr.o)
 .ARM.attributes
                0x00000629       0x2e d:/imt/tools/03- imt sdk/imt_sdk_win_64/winarm/armgcc/bin/../lib/gcc/arm-none-eabi/7.2.1/../../../../arm-none-eabi/lib/thumb/v7e-m\libg_nano.a(lib_a-mlock.o)
 .ARM.attributes
                0x00000657       0x2e d:/imt/tools/03- imt sdk/imt_sdk_win_64/winarm/armgcc/bin/../lib/gcc/arm-none-eabi/7.2.1/../../../../arm-none-eabi/lib/thumb/v7e-m\libg_nano.a(lib_a-nano-msizer.o)

.debug
 *(.debug)

.line
 *(.line)

.debug_srcinfo
 *(.debug_srcinfo)

.debug_sfnames
 *(.debug_sfnames)

.debug_aranges  0x00000000      0x570
 *(.debug_aranges)
 .debug_aranges
                0x00000000       0xc0 ./system/src/stm32f4-hal/stm32f4xx_hal.o
 .debug_aranges
                0x000000c0       0x98 ./system/src/stm32f4-hal/stm32f4xx_hal_cortex.o
 .debug_aranges
                0x00000158       0x88 ./system/src/stm32f4-hal/stm32f4xx_hal_rcc.o
 .debug_aranges
                0x000001e0       0x28 ./system/src/newlib/_exit.o
 .debug_aranges
                0x00000208       0x20 ./system/src/newlib/_sbrk.o
 .debug_aranges
                0x00000228       0x40 ./system/src/newlib/_startup.o
 .debug_aranges
                0x00000268       0x30 ./system/src/newlib/_syscalls.o
 .debug_aranges
                0x00000298       0x28 ./system/src/newlib/assert.o
 .debug_aranges
                0x000002c0       0x38 ./system/src/diag/Trace.o
 .debug_aranges
                0x000002f8       0x30 ./system/src/diag/trace_impl.o
 .debug_aranges
                0x00000328       0x28 ./system/src/cortexm/_initialize_hardware.o
 .debug_aranges
                0x00000350       0x90 ./system/src/cortexm/exception_handlers.o
 .debug_aranges
                0x000003e0       0x28 ./system/src/cmsis/system_stm32f4xx.o
 .debug_aranges
                0x00000408       0x20 ./system/src/cmsis/vectors_stm32f410Cx.o
 .debug_aranges
                0x00000428       0x38 ./src/GPIO_program.o
 .debug_aranges
                0x00000460       0x40 ./src/RCC_program.o
 .debug_aranges
                0x000004a0       0x28 ./src/STK_program.o
 .debug_aranges
                0x000004c8       0x28 ./src/_initialize_hardware.o
 .debug_aranges
                0x000004f0       0x48 ./src/main.o
 .debug_aranges
                0x00000538       0x38 ./src/stm32f4xx_hal_msp.o

.debug_pubnames
 *(.debug_pubnames)

.debug_info     0x00000000     0xcdbc
 *(.debug_info .gnu.linkonce.wi.*)
 .debug_info    0x00000000     0x1025 ./system/src/stm32f4-hal/stm32f4xx_hal.o
 .debug_info    0x00001025     0x184b ./system/src/stm32f4-hal/stm32f4xx_hal_cortex.o
 .debug_info    0x00002870     0x1749 ./system/src/stm32f4-hal/stm32f4xx_hal_rcc.o
 .debug_info    0x00003fb9      0x956 ./system/src/newlib/_exit.o
 .debug_info    0x0000490f      0x942 ./system/src/newlib/_sbrk.o
 .debug_info    0x00005251      0x4bf ./system/src/newlib/_startup.o
 .debug_info    0x00005710      0xa19 ./system/src/newlib/_syscalls.o
 .debug_info    0x00006129      0x9ff ./system/src/newlib/assert.o
 .debug_info    0x00006b28      0xb2a ./system/src/diag/Trace.o
 .debug_info    0x00007652      0xb6b ./system/src/diag/trace_impl.o
 .debug_info    0x000081bd      0xade ./system/src/cortexm/_initialize_hardware.o
 .debug_info    0x00008c9b     0x115a ./system/src/cortexm/exception_handlers.o
 .debug_info    0x00009df5      0xcbd ./system/src/cmsis/system_stm32f4xx.o
 .debug_info    0x0000aab2       0xca ./system/src/cmsis/vectors_stm32f410Cx.o
 .debug_info    0x0000ab7c      0x175 ./src/GPIO_program.o
 .debug_info    0x0000acf1      0x136 ./src/RCC_program.o
 .debug_info    0x0000ae27       0xea ./src/STK_program.o
 .debug_info    0x0000af11      0xd00 ./src/_initialize_hardware.o
 .debug_info    0x0000bc11      0x89c ./src/main.o
 .debug_info    0x0000c4ad      0x90f ./src/stm32f4xx_hal_msp.o

.debug_abbrev   0x00000000     0x2869
 *(.debug_abbrev)
 .debug_abbrev  0x00000000      0x32b ./system/src/stm32f4-hal/stm32f4xx_hal.o
 .debug_abbrev  0x0000032b      0x3f1 ./system/src/stm32f4-hal/stm32f4xx_hal_cortex.o
 .debug_abbrev  0x0000071c      0x394 ./system/src/stm32f4-hal/stm32f4xx_hal_rcc.o
 .debug_abbrev  0x00000ab0      0x1f3 ./system/src/newlib/_exit.o
 .debug_abbrev  0x00000ca3      0x1fc ./system/src/newlib/_sbrk.o
 .debug_abbrev  0x00000e9f      0x1cb ./system/src/newlib/_startup.o
 .debug_abbrev  0x0000106a      0x234 ./system/src/newlib/_syscalls.o
 .debug_abbrev  0x0000129e      0x1f3 ./system/src/newlib/assert.o
 .debug_abbrev  0x00001491      0x276 ./system/src/diag/Trace.o
 .debug_abbrev  0x00001707      0x2ef ./system/src/diag/trace_impl.o
 .debug_abbrev  0x000019f6      0x1de ./system/src/cortexm/_initialize_hardware.o
 .debug_abbrev  0x00001bd4      0x32b ./system/src/cortexm/exception_handlers.o
 .debug_abbrev  0x00001eff      0x216 ./system/src/cmsis/system_stm32f4xx.o
 .debug_abbrev  0x00002115       0x9d ./system/src/cmsis/vectors_stm32f410Cx.o
 .debug_abbrev  0x000021b2       0x8a ./src/GPIO_program.o
 .debug_abbrev  0x0000223c       0x8a ./src/RCC_program.o
 .debug_abbrev  0x000022c6       0xba ./src/STK_program.o
 .debug_abbrev  0x00002380      0x22d ./src/_initialize_hardware.o
 .debug_abbrev  0x000025ad      0x10b ./src/main.o
 .debug_abbrev  0x000026b8      0x1b1 ./src/stm32f4xx_hal_msp.o

.debug_line     0x00000000     0x7f70
 *(.debug_line)
 .debug_line    0x00000000      0xb79 ./system/src/stm32f4-hal/stm32f4xx_hal.o
 .debug_line    0x00000b79      0xc72 ./system/src/stm32f4-hal/stm32f4xx_hal_cortex.o
 .debug_line    0x000017eb      0xdfe ./system/src/stm32f4-hal/stm32f4xx_hal_rcc.o
 .debug_line    0x000025e9      0x34f ./system/src/newlib/_exit.o
 .debug_line    0x00002938      0x303 ./system/src/newlib/_sbrk.o
 .debug_line    0x00002c3b      0x3cb ./system/src/newlib/_startup.o
 .debug_line    0x00003006      0x419 ./system/src/newlib/_syscalls.o
 .debug_line    0x0000341f      0x38a ./system/src/newlib/assert.o
 .debug_line    0x000037a9      0x3cb ./system/src/diag/Trace.o
 .debug_line    0x00003b74      0xaae ./system/src/diag/trace_impl.o
 .debug_line    0x00004622      0xa17 ./system/src/cortexm/_initialize_hardware.o
 .debug_line    0x00005039      0xb65 ./system/src/cortexm/exception_handlers.o
 .debug_line    0x00005b9e      0xa1d ./system/src/cmsis/system_stm32f4xx.o
 .debug_line    0x000065bb      0x102 ./system/src/cmsis/vectors_stm32f410Cx.o
 .debug_line    0x000066bd       0xf7 ./src/GPIO_program.o
 .debug_line    0x000067b4      0x11a ./src/RCC_program.o
 .debug_line    0x000068ce       0xbf ./src/STK_program.o
 .debug_line    0x0000698d      0xa10 ./src/_initialize_hardware.o
 .debug_line    0x0000739d      0x1c2 ./src/main.o
 .debug_line    0x0000755f      0xa11 ./src/stm32f4xx_hal_msp.o

.debug_frame    0x00000000      0xda8
 *(.debug_frame)
 .debug_frame   0x00000000      0x188 ./system/src/stm32f4-hal/stm32f4xx_hal.o
 .debug_frame   0x00000188      0x17c ./system/src/stm32f4-hal/stm32f4xx_hal_cortex.o
 .debug_frame   0x00000304      0x140 ./system/src/stm32f4-hal/stm32f4xx_hal_rcc.o
 .debug_frame   0x00000444       0x38 ./system/src/newlib/_exit.o
 .debug_frame   0x0000047c       0x28 ./system/src/newlib/_sbrk.o
 .debug_frame   0x000004a4       0x7c ./system/src/newlib/_startup.o
 .debug_frame   0x00000520       0x50 ./system/src/newlib/_syscalls.o
 .debug_frame   0x00000570       0x40 ./system/src/newlib/assert.o
 .debug_frame   0x000005b0       0x94 ./system/src/diag/Trace.o
 .debug_frame   0x00000644       0x64 ./system/src/diag/trace_impl.o
 .debug_frame   0x000006a8       0x40 ./system/src/cortexm/_initialize_hardware.o
 .debug_frame   0x000006e8      0x158 ./system/src/cortexm/exception_handlers.o
 .debug_frame   0x00000840       0x30 ./system/src/cmsis/system_stm32f4xx.o
 .debug_frame   0x00000870       0x20 ./system/src/cmsis/vectors_stm32f410Cx.o
 .debug_frame   0x00000890       0x74 ./src/GPIO_program.o
 .debug_frame   0x00000904       0x60 ./src/RCC_program.o
 .debug_frame   0x00000964       0x30 ./src/STK_program.o
 .debug_frame   0x00000994       0x4c ./src/_initialize_hardware.o
 .debug_frame   0x000009e0       0xb0 ./src/main.o
 .debug_frame   0x00000a90       0x50 ./src/stm32f4xx_hal_msp.o
 .debug_frame   0x00000ae0       0x20 d:/imt/tools/03- imt sdk/imt_sdk_win_64/winarm/armgcc/bin/../lib/gcc/arm-none-eabi/7.2.1/../../../../arm-none-eabi/lib/thumb/v7e-m\libg_nano.a(lib_a-errno.o)
 .debug_frame   0x00000b00       0x4c d:/imt/tools/03- imt sdk/imt_sdk_win_64/winarm/armgcc/bin/../lib/gcc/arm-none-eabi/7.2.1/../../../../arm-none-eabi/lib/thumb/v7e-m\libg_nano.a(lib_a-vsnprintf.o)
 .debug_frame   0x00000b4c       0x90 d:/imt/tools/03- imt sdk/imt_sdk_win_64/winarm/armgcc/bin/../lib/gcc/arm-none-eabi/7.2.1/../../../../arm-none-eabi/lib/thumb/v7e-m\libg_nano.a(lib_a-nano-svfprintf.o)
 .debug_frame   0x00000bdc       0x60 d:/imt/tools/03- imt sdk/imt_sdk_win_64/winarm/armgcc/bin/../lib/gcc/arm-none-eabi/7.2.1/../../../../arm-none-eabi/lib/thumb/v7e-m\libg_nano.a(lib_a-nano-vfprintf_i.o)
 .debug_frame   0x00000c3c       0x28 d:/imt/tools/03- imt sdk/imt_sdk_win_64/winarm/armgcc/bin/../lib/gcc/arm-none-eabi/7.2.1/../../../../arm-none-eabi/lib/thumb/v7e-m\libg_nano.a(lib_a-memcpy-stub.o)
 .debug_frame   0x00000c64       0x28 d:/imt/tools/03- imt sdk/imt_sdk_win_64/winarm/armgcc/bin/../lib/gcc/arm-none-eabi/7.2.1/../../../../arm-none-eabi/lib/thumb/v7e-m\libg_nano.a(lib_a-memmove.o)
 .debug_frame   0x00000c8c       0x38 d:/imt/tools/03- imt sdk/imt_sdk_win_64/winarm/armgcc/bin/../lib/gcc/arm-none-eabi/7.2.1/../../../../arm-none-eabi/lib/thumb/v7e-m\libg_nano.a(lib_a-nano-freer.o)
 .debug_frame   0x00000cc4       0x2c d:/imt/tools/03- imt sdk/imt_sdk_win_64/winarm/armgcc/bin/../lib/gcc/arm-none-eabi/7.2.1/../../../../arm-none-eabi/lib/thumb/v7e-m\libg_nano.a(lib_a-nano-mallocr.o)
 .debug_frame   0x00000cf0       0x3c d:/imt/tools/03- imt sdk/imt_sdk_win_64/winarm/armgcc/bin/../lib/gcc/arm-none-eabi/7.2.1/../../../../arm-none-eabi/lib/thumb/v7e-m\libg_nano.a(lib_a-nano-reallocr.o)
 .debug_frame   0x00000d2c       0x2c d:/imt/tools/03- imt sdk/imt_sdk_win_64/winarm/armgcc/bin/../lib/gcc/arm-none-eabi/7.2.1/../../../../arm-none-eabi/lib/thumb/v7e-m\libg_nano.a(lib_a-sbrkr.o)
 .debug_frame   0x00000d58       0x30 d:/imt/tools/03- imt sdk/imt_sdk_win_64/winarm/armgcc/bin/../lib/gcc/arm-none-eabi/7.2.1/../../../../arm-none-eabi/lib/thumb/v7e-m\libg_nano.a(lib_a-mlock.o)
 .debug_frame   0x00000d88       0x20 d:/imt/tools/03- imt sdk/imt_sdk_win_64/winarm/armgcc/bin/../lib/gcc/arm-none-eabi/7.2.1/../../../../arm-none-eabi/lib/thumb/v7e-m\libg_nano.a(lib_a-nano-msizer.o)

.debug_str      0x00000000    0x6f6a3
 *(.debug_str)
 .debug_str     0x00000000    0x6a94a ./system/src/stm32f4-hal/stm32f4xx_hal.o
                              0x6af85 (size before relaxing)
 .debug_str     0x0006a94a      0x39d ./system/src/stm32f4-hal/stm32f4xx_hal_cortex.o
                              0x6ae1e (size before relaxing)
 .debug_str     0x0006ace7      0x3ff ./system/src/stm32f4-hal/stm32f4xx_hal_rcc.o
                              0x6ab38 (size before relaxing)
 .debug_str     0x0006b0e6     0x10ff ./system/src/newlib/_exit.o
                               0x7eec (size before relaxing)
 .debug_str     0x0006c1e5      0x4f5 ./system/src/newlib/_sbrk.o
                               0x729e (size before relaxing)
 .debug_str     0x0006c6da      0x2c6 ./system/src/newlib/_startup.o
                               0x6a3f (size before relaxing)
 .debug_str     0x0006c9a0      0xe8b ./system/src/newlib/_syscalls.o
                               0x8179 (size before relaxing)
 .debug_str     0x0006d82b       0xd0 ./system/src/newlib/assert.o
                               0x89f1 (size before relaxing)
 .debug_str     0x0006d8fb      0x176 ./system/src/diag/Trace.o
                               0x8664 (size before relaxing)
 .debug_str     0x0006da71      0x37b ./system/src/diag/trace_impl.o
                              0x6b8df (size before relaxing)
 .debug_str     0x0006ddec       0x5e ./system/src/cortexm/_initialize_hardware.o
                              0x6a671 (size before relaxing)
 .debug_str     0x0006de4a      0x19d ./system/src/cortexm/exception_handlers.o
                              0x6ba69 (size before relaxing)
 .debug_str     0x0006dfe7       0x46 ./system/src/cmsis/system_stm32f4xx.o
                              0x6a723 (size before relaxing)
 .debug_str     0x0006e02d       0x59 ./system/src/cmsis/vectors_stm32f410Cx.o
                               0x387c (size before relaxing)
 .debug_str     0x0006e086      0x987 ./src/GPIO_program.o
                               0x36ff (size before relaxing)
 .debug_str     0x0006ea0d      0xa6f ./src/RCC_program.o
                               0x3895 (size before relaxing)
 .debug_str     0x0006f47c      0x119 ./src/STK_program.o
                               0x2f4f (size before relaxing)
 .debug_str     0x0006f595       0x31 ./src/_initialize_hardware.o
                              0x6a83e (size before relaxing)
 .debug_str     0x0006f5c6       0xa0 ./src/main.o
                               0x33fe (size before relaxing)
 .debug_str     0x0006f666       0x3d ./src/stm32f4xx_hal_msp.o
                              0x6a5b9 (size before relaxing)

.debug_loc      0x00000000     0x1a53
 *(.debug_loc)
 .debug_loc     0x00000000       0x92 ./system/src/stm32f4-hal/stm32f4xx_hal.o
 .debug_loc     0x00000092      0x73b ./system/src/stm32f4-hal/stm32f4xx_hal_cortex.o
 .debug_loc     0x000007cd      0x50a ./system/src/stm32f4-hal/stm32f4xx_hal_rcc.o
 .debug_loc     0x00000cd7       0x85 ./system/src/newlib/_sbrk.o
 .debug_loc     0x00000d5c      0x2cb ./system/src/newlib/_startup.o
 .debug_loc     0x00001027       0x63 ./system/src/newlib/_syscalls.o
 .debug_loc     0x0000108a      0x134 ./system/src/newlib/assert.o
 .debug_loc     0x000011be       0xf6 ./system/src/diag/Trace.o
 .debug_loc     0x000012b4      0x121 ./system/src/diag/trace_impl.o
 .debug_loc     0x000013d5      0x291 ./system/src/cortexm/exception_handlers.o
 .debug_loc     0x00001666      0x13e ./system/src/cmsis/system_stm32f4xx.o
 .debug_loc     0x000017a4      0x142 ./src/GPIO_program.o
 .debug_loc     0x000018e6      0x14c ./src/RCC_program.o
 .debug_loc     0x00001a32       0x21 ./src/main.o

.debug_macinfo
 *(.debug_macinfo)

.debug_weaknames
 *(.debug_weaknames)

.debug_funcnames
 *(.debug_funcnames)

.debug_typenames
 *(.debug_typenames)

.debug_varnames
 *(.debug_varnames)
OUTPUT(hello_stk.elf elf32-littlearm)

.debug_ranges   0x00000000      0x520
 .debug_ranges  0x00000000       0xb0 ./system/src/stm32f4-hal/stm32f4xx_hal.o
 .debug_ranges  0x000000b0       0xe8 ./system/src/stm32f4-hal/stm32f4xx_hal_cortex.o
 .debug_ranges  0x00000198       0x78 ./system/src/stm32f4-hal/stm32f4xx_hal_rcc.o
 .debug_ranges  0x00000210       0x18 ./system/src/newlib/_exit.o
 .debug_ranges  0x00000228       0x10 ./system/src/newlib/_sbrk.o
 .debug_ranges  0x00000238       0x90 ./system/src/newlib/_startup.o
 .debug_ranges  0x000002c8       0x20 ./system/src/newlib/_syscalls.o
 .debug_ranges  0x000002e8       0x18 ./system/src/newlib/assert.o
 .debug_ranges  0x00000300       0x28 ./system/src/diag/Trace.o
 .debug_ranges  0x00000328       0x50 ./system/src/diag/trace_impl.o
 .debug_ranges  0x00000378       0x18 ./system/src/cortexm/_initialize_hardware.o
 .debug_ranges  0x00000390       0x80 ./system/src/cortexm/exception_handlers.o
 .debug_ranges  0x00000410       0x18 ./system/src/cmsis/system_stm32f4xx.o
 .debug_ranges  0x00000428       0x10 ./system/src/cmsis/vectors_stm32f410Cx.o
 .debug_ranges  0x00000438       0x28 ./src/GPIO_program.o
 .debug_ranges  0x00000460       0x30 ./src/RCC_program.o
 .debug_ranges  0x00000490       0x18 ./src/STK_program.o
 .debug_ranges  0x000004a8       0x18 ./src/_initialize_hardware.o
 .debug_ranges  0x000004c0       0x38 ./src/main.o
 .debug_ranges  0x000004f8       0x28 ./src/stm32f4xx_hal_msp.o

.debug_macro    0x00000000    0x14192
 .debug_macro   0x00000000      0x528 ./system/src/stm32f4-hal/stm32f4xx_hal.o
 .debug_macro   0x00000528      0xa6c ./system/src/stm32f4-hal/stm32f4xx_hal.o
 .debug_macro   0x00000f94      0x289 ./system/src/stm32f4-hal/stm32f4xx_hal.o
 .debug_macro   0x0000121d       0x31 ./system/src/stm32f4-hal/stm32f4xx_hal.o
 .debug_macro   0x0000124e       0x28 ./system/src/stm32f4-hal/stm32f4xx_hal.o
 .debug_macro   0x00001276      0x34e ./system/src/stm32f4-hal/stm32f4xx_hal.o
 .debug_macro   0x000015c4       0x35 ./system/src/stm32f4-hal/stm32f4xx_hal.o
 .debug_macro   0x000015f9       0x50 ./system/src/stm32f4-hal/stm32f4xx_hal.o
 .debug_macro   0x00001649      0xe66 ./system/src/stm32f4-hal/stm32f4xx_hal.o
 .debug_macro   0x000024af     0x4229 ./system/src/stm32f4-hal/stm32f4xx_hal.o
 .debug_macro   0x000066d8       0x43 ./system/src/stm32f4-hal/stm32f4xx_hal.o
 .debug_macro   0x0000671b     0x347f ./system/src/stm32f4-hal/stm32f4xx_hal.o
 .debug_macro   0x00009b9a       0x22 ./system/src/stm32f4-hal/stm32f4xx_hal.o
 .debug_macro   0x00009bbc       0x52 ./system/src/stm32f4-hal/stm32f4xx_hal.o
 .debug_macro   0x00009c0e       0x17 ./system/src/stm32f4-hal/stm32f4xx_hal.o
 .debug_macro   0x00009c25       0x8d ./system/src/stm32f4-hal/stm32f4xx_hal.o
 .debug_macro   0x00009cb2       0x35 ./system/src/stm32f4-hal/stm32f4xx_hal.o
 .debug_macro   0x00009ce7       0x9c ./system/src/stm32f4-hal/stm32f4xx_hal.o
 .debug_macro   0x00009d83       0x16 ./system/src/stm32f4-hal/stm32f4xx_hal.o
 .debug_macro   0x00009d99       0x57 ./system/src/stm32f4-hal/stm32f4xx_hal.o
 .debug_macro   0x00009df0       0x97 ./system/src/stm32f4-hal/stm32f4xx_hal.o
 .debug_macro   0x00009e87      0x330 ./system/src/stm32f4-hal/stm32f4xx_hal.o
 .debug_macro   0x0000a1b7       0xfd ./system/src/stm32f4-hal/stm32f4xx_hal.o
 .debug_macro   0x0000a2b4       0x10 ./system/src/stm32f4-hal/stm32f4xx_hal.o
 .debug_macro   0x0000a2c4       0x58 ./system/src/stm32f4-hal/stm32f4xx_hal.o
 .debug_macro   0x0000a31c       0x1f ./system/src/stm32f4-hal/stm32f4xx_hal.o
 .debug_macro   0x0000a33b       0x43 ./system/src/stm32f4-hal/stm32f4xx_hal.o
 .debug_macro   0x0000a37e       0x20 ./system/src/stm32f4-hal/stm32f4xx_hal.o
 .debug_macro   0x0000a39e      0x18e ./system/src/stm32f4-hal/stm32f4xx_hal.o
 .debug_macro   0x0000a52c       0x10 ./system/src/stm32f4-hal/stm32f4xx_hal.o
 .debug_macro   0x0000a53c       0x6a ./system/src/stm32f4-hal/stm32f4xx_hal.o
 .debug_macro   0x0000a5a6       0x1c ./system/src/stm32f4-hal/stm32f4xx_hal.o
 .debug_macro   0x0000a5c2       0x52 ./system/src/stm32f4-hal/stm32f4xx_hal.o
 .debug_macro   0x0000a614       0x40 ./system/src/stm32f4-hal/stm32f4xx_hal.o
 .debug_macro   0x0000a654       0x10 ./system/src/stm32f4-hal/stm32f4xx_hal.o
 .debug_macro   0x0000a664       0x40 ./system/src/stm32f4-hal/stm32f4xx_hal.o
 .debug_macro   0x0000a6a4       0xd7 ./system/src/stm32f4-hal/stm32f4xx_hal.o
 .debug_macro   0x0000a77b       0x1c ./system/src/stm32f4-hal/stm32f4xx_hal.o
 .debug_macro   0x0000a797       0x3d ./system/src/stm32f4-hal/stm32f4xx_hal.o
 .debug_macro   0x0000a7d4       0x16 ./system/src/stm32f4-hal/stm32f4xx_hal.o
 .debug_macro   0x0000a7ea      0x16f ./system/src/stm32f4-hal/stm32f4xx_hal.o
 .debug_macro   0x0000a959       0x57 ./system/src/stm32f4-hal/stm32f4xx_hal.o
 .debug_macro   0x0000a9b0      0x391 ./system/src/stm32f4-hal/stm32f4xx_hal.o
 .debug_macro   0x0000ad41      0x9e1 ./system/src/stm32f4-hal/stm32f4xx_hal.o
 .debug_macro   0x0000b722      0x11e ./system/src/stm32f4-hal/stm32f4xx_hal.o
 .debug_macro   0x0000b840       0xc0 ./system/src/stm32f4-hal/stm32f4xx_hal.o
 .debug_macro   0x0000b900       0x27 ./system/src/stm32f4-hal/stm32f4xx_hal.o
 .debug_macro   0x0000b927      0x287 ./system/src/stm32f4-hal/stm32f4xx_hal.o
 .debug_macro   0x0000bbae       0x5f ./system/src/stm32f4-hal/stm32f4xx_hal.o
 .debug_macro   0x0000bc0d      0x23a ./system/src/stm32f4-hal/stm32f4xx_hal.o
 .debug_macro   0x0000be47      0x391 ./system/src/stm32f4-hal/stm32f4xx_hal.o
 .debug_macro   0x0000c1d8      0x16f ./system/src/stm32f4-hal/stm32f4xx_hal.o
 .debug_macro   0x0000c347       0xf9 ./system/src/stm32f4-hal/stm32f4xx_hal.o
 .debug_macro   0x0000c440       0x23 ./system/src/stm32f4-hal/stm32f4xx_hal.o
 .debug_macro   0x0000c463       0xe6 ./system/src/stm32f4-hal/stm32f4xx_hal.o
 .debug_macro   0x0000c549       0xa1 ./system/src/stm32f4-hal/stm32f4xx_hal.o
 .debug_macro   0x0000c5ea       0x3c ./system/src/stm32f4-hal/stm32f4xx_hal.o
 .debug_macro   0x0000c626      0x13a ./system/src/stm32f4-hal/stm32f4xx_hal.o
 .debug_macro   0x0000c760      0x225 ./system/src/stm32f4-hal/stm32f4xx_hal.o
 .debug_macro   0x0000c985       0x2e ./system/src/stm32f4-hal/stm32f4xx_hal.o
 .debug_macro   0x0000c9b3      0x1a7 ./system/src/stm32f4-hal/stm32f4xx_hal.o
 .debug_macro   0x0000cb5a       0xa5 ./system/src/stm32f4-hal/stm32f4xx_hal.o
 .debug_macro   0x0000cbff      0x18b ./system/src/stm32f4-hal/stm32f4xx_hal.o
 .debug_macro   0x0000cd8a       0x2a ./system/src/stm32f4-hal/stm32f4xx_hal.o
 .debug_macro   0x0000cdb4       0x35 ./system/src/stm32f4-hal/stm32f4xx_hal.o
 .debug_macro   0x0000cde9       0x79 ./system/src/stm32f4-hal/stm32f4xx_hal.o
 .debug_macro   0x0000ce62      0x11e ./system/src/stm32f4-hal/stm32f4xx_hal.o
 .debug_macro   0x0000cf80       0x91 ./system/src/stm32f4-hal/stm32f4xx_hal.o
 .debug_macro   0x0000d011       0x89 ./system/src/stm32f4-hal/stm32f4xx_hal.o
 .debug_macro   0x0000d09a       0x7e ./system/src/stm32f4-hal/stm32f4xx_hal.o
 .debug_macro   0x0000d118      0x31a ./system/src/stm32f4-hal/stm32f4xx_hal.o
 .debug_macro   0x0000d432      0x409 ./system/src/stm32f4-hal/stm32f4xx_hal.o
 .debug_macro   0x0000d83b       0xe4 ./system/src/stm32f4-hal/stm32f4xx_hal.o
 .debug_macro   0x0000d91f      0x202 ./system/src/stm32f4-hal/stm32f4xx_hal.o
 .debug_macro   0x0000db21      0x6d9 ./system/src/stm32f4-hal/stm32f4xx_hal.o
 .debug_macro   0x0000e1fa       0x77 ./system/src/stm32f4-hal/stm32f4xx_hal.o
 .debug_macro   0x0000e271      0x14d ./system/src/stm32f4-hal/stm32f4xx_hal.o
 .debug_macro   0x0000e3be      0x287 ./system/src/stm32f4-hal/stm32f4xx_hal.o
 .debug_macro   0x0000e645      0x225 ./system/src/stm32f4-hal/stm32f4xx_hal.o
 .debug_macro   0x0000e86a      0x1b5 ./system/src/stm32f4-hal/stm32f4xx_hal.o
 .debug_macro   0x0000ea1f      0x2db ./system/src/stm32f4-hal/stm32f4xx_hal.o
 .debug_macro   0x0000ecfa       0x89 ./system/src/stm32f4-hal/stm32f4xx_hal.o
 .debug_macro   0x0000ed83      0x202 ./system/src/stm32f4-hal/stm32f4xx_hal.o
 .debug_macro   0x0000ef85       0x34 ./system/src/stm32f4-hal/stm32f4xx_hal.o
 .debug_macro   0x0000efb9       0x90 ./system/src/stm32f4-hal/stm32f4xx_hal.o
 .debug_macro   0x0000f049      0x2b0 ./system/src/stm32f4-hal/stm32f4xx_hal.o
 .debug_macro   0x0000f2f9      0x12c ./system/src/stm32f4-hal/stm32f4xx_hal.o
 .debug_macro   0x0000f425      0x4da ./system/src/stm32f4-hal/stm32f4xx_hal_cortex.o
 .debug_macro   0x0000f8ff      0x504 ./system/src/stm32f4-hal/stm32f4xx_hal_rcc.o
 .debug_macro   0x0000fe03      0x1b4 ./system/src/newlib/_exit.o
 .debug_macro   0x0000ffb7      0x10e ./system/src/newlib/_exit.o
 .debug_macro   0x000100c5       0x8d ./system/src/newlib/_exit.o
 .debug_macro   0x00010152       0x35 ./system/src/newlib/_exit.o
 .debug_macro   0x00010187      0x169 ./system/src/newlib/_sbrk.o
 .debug_macro   0x000102f0      0x174 ./system/src/newlib/_sbrk.o
 .debug_macro   0x00010464       0x10 ./system/src/newlib/_sbrk.o
 .debug_macro   0x00010474      0x23b ./system/src/newlib/_sbrk.o
 .debug_macro   0x000106af      0x173 ./system/src/newlib/_startup.o
 .debug_macro   0x00010822      0xa72 ./system/src/newlib/_startup.o
 .debug_macro   0x00011294      0x217 ./system/src/newlib/_syscalls.o
 .debug_macro   0x000114ab       0x1c ./system/src/newlib/_syscalls.o
 .debug_macro   0x000114c7       0x10 ./system/src/newlib/_syscalls.o
 .debug_macro   0x000114d7       0x10 ./system/src/newlib/_syscalls.o
 .debug_macro   0x000114e7       0x10 ./system/src/newlib/_syscalls.o
 .debug_macro   0x000114f7       0x35 ./system/src/newlib/_syscalls.o
 .debug_macro   0x0001152c      0x122 ./system/src/newlib/_syscalls.o
 .debug_macro   0x0001164e       0x88 ./system/src/newlib/_syscalls.o
 .debug_macro   0x000116d6       0x2b ./system/src/newlib/_syscalls.o
 .debug_macro   0x00011701      0x118 ./system/src/newlib/_syscalls.o
 .debug_macro   0x00011819      0x189 ./system/src/newlib/_syscalls.o
 .debug_macro   0x000119a2       0x16 ./system/src/newlib/_syscalls.o
 .debug_macro   0x000119b8      0x1d0 ./system/src/newlib/assert.o
 .debug_macro   0x00011b88       0x1c ./system/src/newlib/assert.o
 .debug_macro   0x00011ba4      0x1fb ./system/src/diag/Trace.o
 .debug_macro   0x00011d9f       0x4c ./system/src/diag/Trace.o
 .debug_macro   0x00011deb       0x16 ./system/src/diag/Trace.o
 .debug_macro   0x00011e01      0x520 ./system/src/diag/trace_impl.o
 .debug_macro   0x00012321       0x22 ./system/src/diag/trace_impl.o
 .debug_macro   0x00012343      0x4e4 ./system/src/cortexm/_initialize_hardware.o
 .debug_macro   0x00012827      0x54d ./system/src/cortexm/exception_handlers.o
 .debug_macro   0x00012d74       0x3b ./system/src/cortexm/exception_handlers.o
 .debug_macro   0x00012daf      0x4e0 ./system/src/cmsis/system_stm32f4xx.o
 .debug_macro   0x0001328f       0x34 ./system/src/cmsis/vectors_stm32f410Cx.o
 .debug_macro   0x000132c3       0x40 ./src/GPIO_program.o
 .debug_macro   0x00013303       0x22 ./src/GPIO_program.o
 .debug_macro   0x00013325       0xc4 ./src/GPIO_program.o
 .debug_macro   0x000133e9       0xc4 ./src/GPIO_program.o
 .debug_macro   0x000134ad       0x45 ./src/RCC_program.o
 .debug_macro   0x000134f2      0x100 ./src/RCC_program.o
 .debug_macro   0x000135f2      0x100 ./src/RCC_program.o
 .debug_macro   0x000136f2       0x28 ./src/RCC_program.o
 .debug_macro   0x0001371a       0x40 ./src/STK_program.o
 .debug_macro   0x0001375a       0x28 ./src/STK_program.o
 .debug_macro   0x00013782       0x1c ./src/STK_program.o
 .debug_macro   0x0001379e      0x4da ./src/_initialize_hardware.o
 .debug_macro   0x00013c78       0x40 ./src/main.o
 .debug_macro   0x00013cb8      0x4da ./src/stm32f4xx_hal_msp.o
